{"Network":"test","BlockNumber":0,"SystemVars":{"InitialPrice":1},"Governance":{"Origin":"0x259be75d96876f2ada3d202722523e9cd4dd917d","Governors":["0xf861e10641952a42f9c527a43ab77c3030ee2c8f","0x7dd43075b89c129bcd2cca1e2d680a6f3f30b5d9","0xa1d4755112491db5ddf0e10b9253b5a0f6783759"],"NumConfirmations":2},"Consensus":{"Engine":"konsensus","MaxNumValidators":500,"FreezePeriod":1,"BaseDeposit":1000000,"SuperNodeAmount":6000000,"Validators":[{"Address":"0x2429f4aa5cf9d23fea0961780ffb4ff8916a26a0","Deposit":6000000}],"MiningToken":{"Name":"mUSD","Symbol":"mUSD","Cap":1073741824,"Decimals":18,"Holders":[{"Address":"0x2429f4aa5cf9d23fea0961780ffb4ff8916a26a0","NumTokens":10000000}]}},"StabilityContract":{"MinDeposit":50},"DataFeedSystem":{"MaxNumOracles":50,"Price":{"SyncFrequency":600,"UpdatePeriod":30}},"PrefundedAccounts":[{"Address":"0xf861e10641952a42f9c527a43ab77c3030ee2c8f","Balance":50},{"Address":"0x7dd43075b89c129bcd2cca1e2d680a6f3f30b5d9","Balance":50},{"Address":"0xa1d4755112491db5ddf0e10b9253b5a0f6783759","Balance":50},{"Address":"0x2429f4aa5cf9d23fea0961780ffb4ff8916a26a0","Balance":1000000},{"Address":"0x45880e0ab20b1ca0391e8fe871fa035e58edada9","Balance":1000000},{"Address":"0xdac38f0e18ef8bd32aaae695f82e37e14a75a74b","Balance":1000000}],"ExtraData":"Kowala's first block"}
