{"Network":"main","Governance":{"Origin":"0x259be75d96876f2ada3d202722523e9cd4dd917d","Governors":["0xa1e8587ed7f915d5bbbf283b21af4813232069f7","0xbfAdCF85554F139F978DE5442aacFBe085c754f7","0xF358eb1020375800746ccd5c6638DA36C5a6bec9"],"NumConfirmations":2},"Consensus":{"Engine":"tendermint","MaxNumValidators":100,"FreezePeriod":1,"BaseDeposit":1000000,"Validators":[{"Address":"0xd6e579085c82329c89fca7a9f012be59028ed53f","Deposit":1000000}],"MiningToken":{"Name":"mUSD","Symbol":"mUSD","Cap":1073741824,"Decimals":18,"Holders":[{"Address":"0xd6e579085c82329c89fca7a9f012be59028ed53f","NumTokens":3000000}]}},"DataFeedSystem":{"MaxNumOracles":1000,"FreezePeriod":1,"BaseDeposit":10,"Price":{"InitialPrice":1,"SyncFrequency":600,"UpdatePeriod":30}},"PrefundedAccounts":[{"Address":"0xa1e8587ed7f915d5bbbf283b21af4813232069f7","Balance":50},{"Address":"0xbfAdCF85554F139F978DE5442aacFBe085c754f7","Balance":50},{"Address":"0xF358eb1020375800746ccd5c6638DA36C5a6bec9","Balance":50},{"Address":"0xd6e579085c82329c89fca7a9f012be59028ed53f","Balance":1000000}],"ExtraData":"Kowala's first block"}
